Microsoft (R) Macro Assembler Version 14.39.33523.0	    04/11/24 12:42:09
asmZCalc.asm						     Page 1 - 1


				.686
				
				PUBLIC _zCalc
				
				.MODEL FLAT
				
 00000000			.data
 00000000			    one dq 1.0   ; Определение константы 1.0
	   3FF0000000000000
				
 00000000			.code
				
 00000000			_zCalc PROC
				
 00000000  55			    push ebp
 00000001  8B EC		    mov ebp, esp
				
 00000003  9B DB E3		    finit
				
				    ;x^2 * tan(x/y)
				
 00000006  DD 45 10		    fld qword ptr [ebp + 16]   ; Загружаем параметр y из стека в стек FPU
 00000009  DD 45 08		    fld qword ptr [ebp + 8]  ; Загружаем параметр x из стека в стек FPU
 0000000C  D8 F1		    fdiv st(0), st(1)
 0000000E  D9 F2		    fptan                       ; Вычисляем тангенс st(0), результат помещается в st(0), тангенс становится st(1)
 00000010  DD D8		    fstp st(0)                 ; Сохраняем тангенс в стеке
				
 00000012  DD 45 08		    fld qword ptr [ebp + 8]   ; Загружаем параметр x из стека в стек FPU
 00000015  DE C9		    fmul ; st(0) * st(1)
 00000017  DD 45 08		    fld qword ptr [ebp + 8]   ; Загружаем параметр x из стека в стек FPU
 0000001A  DE C9		    fmul; st(0) * st(1) ;!!!
				
				    ;fstp qword ptr [a]  ; Сохраняем результат в переменной a
				
				
				    ;y^2 * ctg(x/y)
				
 0000001C  DD 45 10		    fld qword ptr [ebp + 16]   ; Загружаем параметр y из стека в стек FPU
 0000001F  DD 45 08		    fld qword ptr [ebp + 8]  ; Загружаем параметр x из стека в стек FPU
 00000022  D8 F1		    fdiv st(0), st(1)
 00000024  D9 F2		    fptan                       ; Вычисляем тангенс st(0), результат помещается в st(0), тангенс становится st(1)
 00000026  DD D8		    fstp st(0)                 ; Сохраняем тангенс в стеке
				
 00000028  DD 05 00000000 R	    fld qword ptr [one]
 0000002E  D8 F1		    fdiv st(0), st(1) ; вычисляем котангенс
 00000030  DD 45 10		    fld qword ptr [ebp + 16]   ; Загружаем параметр y из стека в стек FPU
 00000033  DE C9		    fmul ;st(0) * st(1)
 00000035  DD 45 10		    fld qword ptr [ebp + 16]   ; Загружаем параметр y из стека в стек FPU
 00000038  DE C9		    fmul ;st(0) * st(1) ;!!!
				
				
 0000003A  D8 C3		    fadd st(0), st(3)
				
				
 0000003C  8B E5		    mov esp, ebp
 0000003E  5D			    pop ebp
 0000003F  C3			    ret
				    
				    
 00000040			_zCalc ENDP
				
				END
Microsoft (R) Macro Assembler Version 14.39.33523.0	    04/11/24 12:42:09
asmZCalc.asm						     Symbols 2 - 1




Segments and Groups:

                N a m e                 Size     Length   Align   Combine Class

FLAT . . . . . . . . . . . . . .	GROUP
_DATA  . . . . . . . . . . . . .	32 Bit	 00000008 Para	  Public  'DATA'	
_TEXT  . . . . . . . . . . . . .	32 Bit	 00000040 Para	  Public  'CODE'	


Procedures, parameters, and locals:

                N a m e                 Type     Value    Attr

_zCalc . . . . . . . . . . . . .	P Near	 00000000 _TEXT	Length= 00000040 Public


Symbols:

                N a m e                 Type     Value    Attr

@CodeSize  . . . . . . . . . . .	Number	 00000000h   
@DataSize  . . . . . . . . . . .	Number	 00000000h   
@Interface . . . . . . . . . . .	Number	 00000000h   
@Model . . . . . . . . . . . . .	Number	 00000007h   
@code  . . . . . . . . . . . . .	Text   	 _TEXT
@data  . . . . . . . . . . . . .	Text   	 FLAT
@fardata?  . . . . . . . . . . .	Text   	 FLAT
@fardata . . . . . . . . . . . .	Text   	 FLAT
@stack . . . . . . . . . . . . .	Text   	 FLAT
one  . . . . . . . . . . . . . .	QWord	 00000000 _DATA	

	   0 Warnings
	   0 Errors
